RAM Allocation [bytes]
Variable                                                          Address   Size
--------------------------------------------------------------------------------
numeros                                                           0x00E0      50
col                                                               0x0112       5

EEPROM Allocation [bytes]
Variable                                                          Address   Size
--------------------------------------------------------------------------------

Register Allocation
Variable                                                          Register  Size
--------------------------------------------------------------------------------
i                                                                 R4,R5        2
j                                                                 R6,R7        2
k                                                                 R8,R9        2

FLASH Allocation [words]
Function                                                          Address   Size
--------------------------------------------------------------------------------
